{"completed": 1, "total": 36, "candidate": "rust", "query": "outgoing"}
{"completed": 2, "total": 36, "candidate": "zig", "query": "outgoing"}
{"completed": 3, "total": 36, "candidate": "zig", "query": "outgoing"}
{"completed": 4, "total": 36, "candidate": "rust", "query": "outgoing"}
{"completed": 5, "total": 36, "candidate": "zig", "query": "scan-type"}
{"completed": 6, "total": 36, "candidate": "rust", "query": "scan-type"}
{"completed": 7, "total": 36, "candidate": "rust", "query": "scan-type"}
{"completed": 8, "total": 36, "candidate": "zig", "query": "scan-type"}
{"completed": 9, "total": 36, "candidate": "rust", "query": "depth-8"}
{"completed": 10, "total": 36, "candidate": "zig", "query": "depth-8"}
{"completed": 11, "total": 36, "candidate": "zig", "query": "depth-8"}
{"completed": 12, "total": 36, "candidate": "rust", "query": "depth-8"}
{"completed": 13, "total": 36, "candidate": "zig", "query": "depth-4"}
{"completed": 14, "total": 36, "candidate": "rust", "query": "depth-4"}
{"completed": 15, "total": 36, "candidate": "rust", "query": "depth-4"}
{"completed": 16, "total": 36, "candidate": "zig", "query": "depth-4"}
{"completed": 17, "total": 36, "candidate": "rust", "query": "lookup-missing"}
{"completed": 18, "total": 36, "candidate": "zig", "query": "lookup-missing"}
{"completed": 19, "total": 36, "candidate": "zig", "query": "lookup-missing"}
{"completed": 20, "total": 36, "candidate": "rust", "query": "lookup-missing"}
{"completed": 21, "total": 36, "candidate": "zig", "query": "lookup-first"}
{"completed": 22, "total": 36, "candidate": "rust", "query": "lookup-first"}
{"completed": 23, "total": 36, "candidate": "rust", "query": "lookup-first"}
{"completed": 24, "total": 36, "candidate": "zig", "query": "lookup-first"}
{"completed": 25, "total": 36, "candidate": "zig", "query": "depth-2"}
{"completed": 26, "total": 36, "candidate": "rust", "query": "depth-2"}
{"completed": 27, "total": 36, "candidate": "rust", "query": "depth-2"}
{"completed": 28, "total": 36, "candidate": "zig", "query": "depth-2"}
{"completed": 29, "total": 36, "candidate": "rust", "query": "incoming"}
{"completed": 30, "total": 36, "candidate": "zig", "query": "incoming"}
{"completed": 31, "total": 36, "candidate": "zig", "query": "incoming"}
{"completed": 32, "total": 36, "candidate": "rust", "query": "incoming"}
{"completed": 33, "total": 36, "candidate": "rust", "query": "mixed-relations"}
{"completed": 34, "total": 36, "candidate": "zig", "query": "mixed-relations"}
{"completed": 35, "total": 36, "candidate": "zig", "query": "mixed-relations"}
{"completed": 36, "total": 36, "candidate": "rust", "query": "mixed-relations"}
{"state": "PASS", "classification": "exploratory", "records": 36, "output": "/Users/enverfrancisco/Downloads/csl-runtime-eval/results/campaign-smoke"}
