RUN cargo fmt --manifest-path prototypes/rust/Cargo.toml --check
PASS
RUN cargo clippy --manifest-path prototypes/rust/Cargo.toml --all-targets --all-features -- -D warnings
    Checking csl-eval-rust v0.1.0 (/Users/enverfrancisco/Downloads/csl-runtime-eval/prototypes/rust)
    Finished `dev` profile [unoptimized + debuginfo] target(s) in 0.68s
PASS
RUN cargo test --manifest-path prototypes/rust/Cargo.toml
   Compiling csl-eval-rust v0.1.0 (/Users/enverfrancisco/Downloads/csl-runtime-eval/prototypes/rust)
    Finished `test` profile [unoptimized + debuginfo] target(s) in 1.13s
     Running unittests src/main.rs (prototypes/rust/target/debug/build/csl-eval-rust/0fcd19ba585f4473/out/csl_eval_rust-0fcd19ba585f4473)

running 0 tests

test result: ok. 0 passed; 0 failed; 0 ignored; 0 measured; 0 filtered out; finished in 0.00s

PASS
RUN cargo build --manifest-path prototypes/rust/Cargo.toml
   Compiling csl-eval-rust v0.1.0 (/Users/enverfrancisco/Downloads/csl-runtime-eval/prototypes/rust)
    Finished `dev` profile [unoptimized + debuginfo] target(s) in 2.02s
PASS
RUN cargo build --release --manifest-path prototypes/rust/Cargo.toml
   Compiling csl-eval-rust v0.1.0 (/Users/enverfrancisco/Downloads/csl-runtime-eval/prototypes/rust)
    Finished `release` profile [optimized] target(s) in 1.17s
PASS
RUN cargo fmt --manifest-path prototypes/hybrid/Cargo.toml --check
PASS
RUN cargo clippy --manifest-path prototypes/hybrid/Cargo.toml --all-targets --all-features -- -D warnings
   Compiling csl-eval-hybrid v0.1.0 (/Users/enverfrancisco/Downloads/csl-runtime-eval/prototypes/hybrid/rust)
    Finished `dev` profile [unoptimized + debuginfo] target(s) in 4.55s
PASS
RUN cargo test --manifest-path prototypes/hybrid/Cargo.toml
   Compiling csl-eval-hybrid v0.1.0 (/Users/enverfrancisco/Downloads/csl-runtime-eval/prototypes/hybrid/rust)
    Finished `test` profile [unoptimized + debuginfo] target(s) in 1.54s
     Running unittests src/main.rs (prototypes/hybrid/target/debug/build/csl-eval-hybrid/18d739063cc533cc/out/csl_eval_hybrid-18d739063cc533cc)

running 1 test
test tests::ffi_roundtrip ... ok

test result: ok. 1 passed; 0 failed; 0 ignored; 0 measured; 0 filtered out; finished in 0.00s

PASS
RUN cargo build --manifest-path prototypes/hybrid/Cargo.toml
   Compiling csl-eval-hybrid v0.1.0 (/Users/enverfrancisco/Downloads/csl-runtime-eval/prototypes/hybrid/rust)
    Finished `dev` profile [unoptimized + debuginfo] target(s) in 2.07s
PASS
RUN cargo build --release --manifest-path prototypes/hybrid/Cargo.toml
   Compiling csl-eval-hybrid v0.1.0 (/Users/enverfrancisco/Downloads/csl-runtime-eval/prototypes/hybrid/rust)
    Finished `release` profile [optimized] target(s) in 1.81s
PASS
RUN zig fmt --check prototypes/zig prototypes/hybrid/zig
PASS
PASS prototypes/zig build/test
PASS prototypes/hybrid/zig build/test
