{"completed": 1, "total": 180, "candidate": "rust", "query": "outgoing"}
{"completed": 2, "total": 180, "candidate": "zig", "query": "outgoing"}
{"completed": 3, "total": 180, "candidate": "zig", "query": "outgoing"}
{"completed": 4, "total": 180, "candidate": "rust", "query": "outgoing"}
{"completed": 5, "total": 180, "candidate": "rust", "query": "outgoing"}
{"completed": 6, "total": 180, "candidate": "zig", "query": "outgoing"}
{"completed": 7, "total": 180, "candidate": "zig", "query": "outgoing"}
{"completed": 8, "total": 180, "candidate": "rust", "query": "outgoing"}
{"completed": 9, "total": 180, "candidate": "rust", "query": "outgoing"}
{"completed": 10, "total": 180, "candidate": "zig", "query": "outgoing"}
{"completed": 11, "total": 180, "candidate": "zig", "query": "outgoing"}
{"completed": 12, "total": 180, "candidate": "rust", "query": "outgoing"}
{"completed": 13, "total": 180, "candidate": "rust", "query": "outgoing"}
{"completed": 14, "total": 180, "candidate": "zig", "query": "outgoing"}
{"completed": 15, "total": 180, "candidate": "zig", "query": "outgoing"}
{"completed": 16, "total": 180, "candidate": "rust", "query": "outgoing"}
{"completed": 17, "total": 180, "candidate": "rust", "query": "outgoing"}
{"completed": 18, "total": 180, "candidate": "zig", "query": "outgoing"}
{"completed": 19, "total": 180, "candidate": "zig", "query": "outgoing"}
{"completed": 20, "total": 180, "candidate": "rust", "query": "outgoing"}
{"completed": 21, "total": 180, "candidate": "zig", "query": "scan-type"}
{"completed": 22, "total": 180, "candidate": "rust", "query": "scan-type"}
{"completed": 23, "total": 180, "candidate": "rust", "query": "scan-type"}
{"completed": 24, "total": 180, "candidate": "zig", "query": "scan-type"}
{"completed": 25, "total": 180, "candidate": "zig", "query": "scan-type"}
{"completed": 26, "total": 180, "candidate": "rust", "query": "scan-type"}
{"completed": 27, "total": 180, "candidate": "rust", "query": "scan-type"}
{"completed": 28, "total": 180, "candidate": "zig", "query": "scan-type"}
{"completed": 29, "total": 180, "candidate": "zig", "query": "scan-type"}
{"completed": 30, "total": 180, "candidate": "rust", "query": "scan-type"}
{"completed": 31, "total": 180, "candidate": "rust", "query": "scan-type"}
{"completed": 32, "total": 180, "candidate": "zig", "query": "scan-type"}
{"completed": 33, "total": 180, "candidate": "zig", "query": "scan-type"}
{"completed": 34, "total": 180, "candidate": "rust", "query": "scan-type"}
{"completed": 35, "total": 180, "candidate": "rust", "query": "scan-type"}
{"completed": 36, "total": 180, "candidate": "zig", "query": "scan-type"}
{"completed": 37, "total": 180, "candidate": "zig", "query": "scan-type"}
{"completed": 38, "total": 180, "candidate": "rust", "query": "scan-type"}
{"completed": 39, "total": 180, "candidate": "rust", "query": "scan-type"}
{"completed": 40, "total": 180, "candidate": "zig", "query": "scan-type"}
{"completed": 41, "total": 180, "candidate": "rust", "query": "depth-8"}
{"completed": 42, "total": 180, "candidate": "zig", "query": "depth-8"}
{"completed": 43, "total": 180, "candidate": "zig", "query": "depth-8"}
{"completed": 44, "total": 180, "candidate": "rust", "query": "depth-8"}
{"completed": 45, "total": 180, "candidate": "rust", "query": "depth-8"}
{"completed": 46, "total": 180, "candidate": "zig", "query": "depth-8"}
{"completed": 47, "total": 180, "candidate": "zig", "query": "depth-8"}
{"completed": 48, "total": 180, "candidate": "rust", "query": "depth-8"}
{"completed": 49, "total": 180, "candidate": "rust", "query": "depth-8"}
{"completed": 50, "total": 180, "candidate": "zig", "query": "depth-8"}
{"completed": 51, "total": 180, "candidate": "zig", "query": "depth-8"}
{"completed": 52, "total": 180, "candidate": "rust", "query": "depth-8"}
{"completed": 53, "total": 180, "candidate": "rust", "query": "depth-8"}
{"completed": 54, "total": 180, "candidate": "zig", "query": "depth-8"}
{"completed": 55, "total": 180, "candidate": "zig", "query": "depth-8"}
{"completed": 56, "total": 180, "candidate": "rust", "query": "depth-8"}
{"completed": 57, "total": 180, "candidate": "rust", "query": "depth-8"}
{"completed": 58, "total": 180, "candidate": "zig", "query": "depth-8"}
{"completed": 59, "total": 180, "candidate": "zig", "query": "depth-8"}
{"completed": 60, "total": 180, "candidate": "rust", "query": "depth-8"}
{"completed": 61, "total": 180, "candidate": "zig", "query": "depth-4"}
{"completed": 62, "total": 180, "candidate": "rust", "query": "depth-4"}
{"completed": 63, "total": 180, "candidate": "rust", "query": "depth-4"}
{"completed": 64, "total": 180, "candidate": "zig", "query": "depth-4"}
{"completed": 65, "total": 180, "candidate": "zig", "query": "depth-4"}
{"completed": 66, "total": 180, "candidate": "rust", "query": "depth-4"}
{"completed": 67, "total": 180, "candidate": "rust", "query": "depth-4"}
{"completed": 68, "total": 180, "candidate": "zig", "query": "depth-4"}
{"completed": 69, "total": 180, "candidate": "zig", "query": "depth-4"}
{"completed": 70, "total": 180, "candidate": "rust", "query": "depth-4"}
{"completed": 71, "total": 180, "candidate": "rust", "query": "depth-4"}
{"completed": 72, "total": 180, "candidate": "zig", "query": "depth-4"}
{"completed": 73, "total": 180, "candidate": "zig", "query": "depth-4"}
{"completed": 74, "total": 180, "candidate": "rust", "query": "depth-4"}
{"completed": 75, "total": 180, "candidate": "rust", "query": "depth-4"}
{"completed": 76, "total": 180, "candidate": "zig", "query": "depth-4"}
{"completed": 77, "total": 180, "candidate": "zig", "query": "depth-4"}
{"completed": 78, "total": 180, "candidate": "rust", "query": "depth-4"}
{"completed": 79, "total": 180, "candidate": "rust", "query": "depth-4"}
{"completed": 80, "total": 180, "candidate": "zig", "query": "depth-4"}
{"completed": 81, "total": 180, "candidate": "rust", "query": "lookup-missing"}
{"completed": 82, "total": 180, "candidate": "zig", "query": "lookup-missing"}
{"completed": 83, "total": 180, "candidate": "zig", "query": "lookup-missing"}
{"completed": 84, "total": 180, "candidate": "rust", "query": "lookup-missing"}
{"completed": 85, "total": 180, "candidate": "rust", "query": "lookup-missing"}
{"completed": 86, "total": 180, "candidate": "zig", "query": "lookup-missing"}
{"completed": 87, "total": 180, "candidate": "zig", "query": "lookup-missing"}
{"completed": 88, "total": 180, "candidate": "rust", "query": "lookup-missing"}
{"completed": 89, "total": 180, "candidate": "rust", "query": "lookup-missing"}
{"completed": 90, "total": 180, "candidate": "zig", "query": "lookup-missing"}
{"completed": 91, "total": 180, "candidate": "zig", "query": "lookup-missing"}
{"completed": 92, "total": 180, "candidate": "rust", "query": "lookup-missing"}
{"completed": 93, "total": 180, "candidate": "rust", "query": "lookup-missing"}
{"completed": 94, "total": 180, "candidate": "zig", "query": "lookup-missing"}
{"completed": 95, "total": 180, "candidate": "zig", "query": "lookup-missing"}
{"completed": 96, "total": 180, "candidate": "rust", "query": "lookup-missing"}
{"completed": 97, "total": 180, "candidate": "rust", "query": "lookup-missing"}
{"completed": 98, "total": 180, "candidate": "zig", "query": "lookup-missing"}
{"completed": 99, "total": 180, "candidate": "zig", "query": "lookup-missing"}
{"completed": 100, "total": 180, "candidate": "rust", "query": "lookup-missing"}
{"completed": 101, "total": 180, "candidate": "zig", "query": "lookup-first"}
{"completed": 102, "total": 180, "candidate": "rust", "query": "lookup-first"}
{"completed": 103, "total": 180, "candidate": "rust", "query": "lookup-first"}
{"completed": 104, "total": 180, "candidate": "zig", "query": "lookup-first"}
{"completed": 105, "total": 180, "candidate": "zig", "query": "lookup-first"}
{"completed": 106, "total": 180, "candidate": "rust", "query": "lookup-first"}
{"completed": 107, "total": 180, "candidate": "rust", "query": "lookup-first"}
{"completed": 108, "total": 180, "candidate": "zig", "query": "lookup-first"}
{"completed": 109, "total": 180, "candidate": "zig", "query": "lookup-first"}
{"completed": 110, "total": 180, "candidate": "rust", "query": "lookup-first"}
{"completed": 111, "total": 180, "candidate": "rust", "query": "lookup-first"}
{"completed": 112, "total": 180, "candidate": "zig", "query": "lookup-first"}
{"completed": 113, "total": 180, "candidate": "zig", "query": "lookup-first"}
{"completed": 114, "total": 180, "candidate": "rust", "query": "lookup-first"}
{"completed": 115, "total": 180, "candidate": "rust", "query": "lookup-first"}
{"completed": 116, "total": 180, "candidate": "zig", "query": "lookup-first"}
{"completed": 117, "total": 180, "candidate": "zig", "query": "lookup-first"}
{"completed": 118, "total": 180, "candidate": "rust", "query": "lookup-first"}
{"completed": 119, "total": 180, "candidate": "rust", "query": "lookup-first"}
{"completed": 120, "total": 180, "candidate": "zig", "query": "lookup-first"}
{"completed": 121, "total": 180, "candidate": "zig", "query": "depth-2"}
{"completed": 122, "total": 180, "candidate": "rust", "query": "depth-2"}
{"completed": 123, "total": 180, "candidate": "rust", "query": "depth-2"}
{"completed": 124, "total": 180, "candidate": "zig", "query": "depth-2"}
{"completed": 125, "total": 180, "candidate": "zig", "query": "depth-2"}
{"completed": 126, "total": 180, "candidate": "rust", "query": "depth-2"}
{"completed": 127, "total": 180, "candidate": "rust", "query": "depth-2"}
{"completed": 128, "total": 180, "candidate": "zig", "query": "depth-2"}
{"completed": 129, "total": 180, "candidate": "zig", "query": "depth-2"}
{"completed": 130, "total": 180, "candidate": "rust", "query": "depth-2"}
{"completed": 131, "total": 180, "candidate": "rust", "query": "depth-2"}
{"completed": 132, "total": 180, "candidate": "zig", "query": "depth-2"}
{"completed": 133, "total": 180, "candidate": "zig", "query": "depth-2"}
{"completed": 134, "total": 180, "candidate": "rust", "query": "depth-2"}
{"completed": 135, "total": 180, "candidate": "rust", "query": "depth-2"}
{"completed": 136, "total": 180, "candidate": "zig", "query": "depth-2"}
{"completed": 137, "total": 180, "candidate": "zig", "query": "depth-2"}
{"completed": 138, "total": 180, "candidate": "rust", "query": "depth-2"}
{"completed": 139, "total": 180, "candidate": "rust", "query": "depth-2"}
{"completed": 140, "total": 180, "candidate": "zig", "query": "depth-2"}
{"completed": 141, "total": 180, "candidate": "rust", "query": "incoming"}
{"completed": 142, "total": 180, "candidate": "zig", "query": "incoming"}
{"completed": 143, "total": 180, "candidate": "zig", "query": "incoming"}
{"completed": 144, "total": 180, "candidate": "rust", "query": "incoming"}
{"completed": 145, "total": 180, "candidate": "rust", "query": "incoming"}
{"completed": 146, "total": 180, "candidate": "zig", "query": "incoming"}
{"completed": 147, "total": 180, "candidate": "zig", "query": "incoming"}
{"completed": 148, "total": 180, "candidate": "rust", "query": "incoming"}
{"completed": 149, "total": 180, "candidate": "rust", "query": "incoming"}
{"completed": 150, "total": 180, "candidate": "zig", "query": "incoming"}
{"completed": 151, "total": 180, "candidate": "zig", "query": "incoming"}
{"completed": 152, "total": 180, "candidate": "rust", "query": "incoming"}
{"completed": 153, "total": 180, "candidate": "rust", "query": "incoming"}
{"completed": 154, "total": 180, "candidate": "zig", "query": "incoming"}
{"completed": 155, "total": 180, "candidate": "zig", "query": "incoming"}
{"completed": 156, "total": 180, "candidate": "rust", "query": "incoming"}
{"completed": 157, "total": 180, "candidate": "rust", "query": "incoming"}
{"completed": 158, "total": 180, "candidate": "zig", "query": "incoming"}
{"completed": 159, "total": 180, "candidate": "zig", "query": "incoming"}
{"completed": 160, "total": 180, "candidate": "rust", "query": "incoming"}
{"completed": 161, "total": 180, "candidate": "rust", "query": "mixed-relations"}
{"completed": 162, "total": 180, "candidate": "zig", "query": "mixed-relations"}
{"completed": 163, "total": 180, "candidate": "zig", "query": "mixed-relations"}
{"completed": 164, "total": 180, "candidate": "rust", "query": "mixed-relations"}
{"completed": 165, "total": 180, "candidate": "rust", "query": "mixed-relations"}
{"completed": 166, "total": 180, "candidate": "zig", "query": "mixed-relations"}
{"completed": 167, "total": 180, "candidate": "zig", "query": "mixed-relations"}
{"completed": 168, "total": 180, "candidate": "rust", "query": "mixed-relations"}
{"completed": 169, "total": 180, "candidate": "rust", "query": "mixed-relations"}
{"completed": 170, "total": 180, "candidate": "zig", "query": "mixed-relations"}
{"completed": 171, "total": 180, "candidate": "zig", "query": "mixed-relations"}
{"completed": 172, "total": 180, "candidate": "rust", "query": "mixed-relations"}
{"completed": 173, "total": 180, "candidate": "rust", "query": "mixed-relations"}
{"completed": 174, "total": 180, "candidate": "zig", "query": "mixed-relations"}
{"completed": 175, "total": 180, "candidate": "zig", "query": "mixed-relations"}
{"completed": 176, "total": 180, "candidate": "rust", "query": "mixed-relations"}
{"completed": 177, "total": 180, "candidate": "rust", "query": "mixed-relations"}
{"completed": 178, "total": 180, "candidate": "zig", "query": "mixed-relations"}
{"completed": 179, "total": 180, "candidate": "zig", "query": "mixed-relations"}
{"completed": 180, "total": 180, "candidate": "rust", "query": "mixed-relations"}
{"state": "PASS", "classification": "controlled", "records": 180, "output": "/home/runner/work/csl-runtime-eval/csl-runtime-eval/results/s-scale-hosted"}
