{"completed": 1, "total": 180, "candidate": "rust", "query": "outgoing"}
{"completed": 2, "total": 180, "candidate": "zig", "query": "outgoing"}
{"completed": 3, "total": 180, "candidate": "zig", "query": "outgoing"}
{"completed": 4, "total": 180, "candidate": "rust", "query": "outgoing"}
{"completed": 5, "total": 180, "candidate": "rust", "query": "outgoing"}
{"completed": 6, "total": 180, "candidate": "zig", "query": "outgoing"}
{"completed": 7, "total": 180, "candidate": "zig", "query": "outgoing"}
{"completed": 8, "total": 180, "candidate": "rust", "query": "outgoing"}
{"completed": 9, "total": 180, "candidate": "rust", "query": "outgoing"}
{"completed": 10, "total": 180, "candidate": "zig", "query": "outgoing"}
{"completed": 11, "total": 180, "candidate": "zig", "query": "outgoing"}
{"completed": 12, "total": 180, "candidate": "rust", "query": "outgoing"}
{"completed": 13, "total": 180, "candidate": "rust", "query": "outgoing"}
{"completed": 14, "total": 180, "candidate": "zig", "query": "outgoing"}
{"completed": 15, "total": 180, "candidate": "zig", "query": "outgoing"}
{"completed": 16, "total": 180, "candidate": "rust", "query": "outgoing"}
{"completed": 17, "total": 180, "candidate": "rust", "query": "outgoing"}
{"completed": 18, "total": 180, "candidate": "zig", "query": "outgoing"}
{"completed": 19, "total": 180, "candidate": "zig", "query": "outgoing"}
{"completed": 20, "total": 180, "candidate": "rust", "query": "outgoing"}
{"completed": 21, "total": 180, "candidate": "zig", "query": "scan-type"}
{"completed": 22, "total": 180, "candidate": "rust", "query": "scan-type"}
{"completed": 23, "total": 180, "candidate": "rust", "query": "scan-type"}
{"completed": 24, "total": 180, "candidate": "zig", "query": "scan-type"}
{"completed": 25, "total": 180, "candidate": "zig", "query": "scan-type"}
{"completed": 26, "total": 180, "candidate": "rust", "query": "scan-type"}
{"completed": 27, "total": 180, "candidate": "rust", "query": "scan-type"}
{"completed": 28, "total": 180, "candidate": "zig", "query": "scan-type"}
{"completed": 29, "total": 180, "candidate": "zig", "query": "scan-type"}
{"completed": 30, "total": 180, "candidate": "rust", "query": "scan-type"}
{"completed": 31, "total": 180, "candidate": "rust", "query": "scan-type"}
{"completed": 32, "total": 180, "candidate": "zig", "query": "scan-type"}
{"completed": 33, "total": 180, "candidate": "zig", "query": "scan-type"}
{"completed": 34, "total": 180, "candidate": "rust", "query": "scan-type"}
{"completed": 35, "total": 180, "candidate": "rust", "query": "scan-type"}
{"completed": 36, "total": 180, "candidate": "zig", "query": "scan-type"}
{"completed": 37, "total": 180, "candidate": "zig", "query": "scan-type"}
{"completed": 38, "total": 180, "candidate": "rust", "query": "scan-type"}
{"completed": 39, "total": 180, "candidate": "rust", "query": "scan-type"}
{"completed": 40, "total": 180, "candidate": "zig", "query": "scan-type"}
{"completed": 41, "total": 180, "candidate": "rust", "query": "depth-8"}
{"completed": 42, "total": 180, "candidate": "zig", "query": "depth-8"}
{"completed": 43, "total": 180, "candidate": "zig", "query": "depth-8"}
{"completed": 44, "total": 180, "candidate": "rust", "query": "depth-8"}
{"completed": 45, "total": 180, "candidate": "rust", "query": "depth-8"}
{"completed": 46, "total": 180, "candidate": "zig", "query": "depth-8"}
{"completed": 47, "total": 180, "candidate": "zig", "query": "depth-8"}
{"completed": 48, "total": 180, "candidate": "rust", "query": "depth-8"}
{"completed": 49, "total": 180, "candidate": "rust", "query": "depth-8"}
{"completed": 50, "total": 180, "candidate": "zig", "query": "depth-8"}
{"completed": 51, "total": 180, "candidate": "zig", "query": "depth-8"}
{"completed": 52, "total": 180, "candidate": "rust", "query": "depth-8"}
{"completed": 53, "total": 180, "candidate": "rust", "query": "depth-8"}
