{"completed": 1, "total": 270, "candidate": "hybrid", "query": "depth-2"}
{"completed": 2, "total": 270, "candidate": "rust", "query": "depth-2"}
{"completed": 3, "total": 270, "candidate": "zig", "query": "depth-2"}
{"completed": 4, "total": 270, "candidate": "rust", "query": "depth-2"}
{"completed": 5, "total": 270, "candidate": "zig", "query": "depth-2"}
{"completed": 6, "total": 270, "candidate": "hybrid", "query": "depth-2"}
{"completed": 7, "total": 270, "candidate": "zig", "query": "depth-2"}
{"completed": 8, "total": 270, "candidate": "hybrid", "query": "depth-2"}
{"completed": 9, "total": 270, "candidate": "rust", "query": "depth-2"}
{"completed": 10, "total": 270, "candidate": "hybrid", "query": "depth-2"}
{"completed": 11, "total": 270, "candidate": "rust", "query": "depth-2"}
{"completed": 12, "total": 270, "candidate": "zig", "query": "depth-2"}
{"completed": 13, "total": 270, "candidate": "rust", "query": "depth-2"}
{"completed": 14, "total": 270, "candidate": "zig", "query": "depth-2"}
{"completed": 15, "total": 270, "candidate": "hybrid", "query": "depth-2"}
{"completed": 16, "total": 270, "candidate": "zig", "query": "depth-2"}
{"completed": 17, "total": 270, "candidate": "hybrid", "query": "depth-2"}
{"completed": 18, "total": 270, "candidate": "rust", "query": "depth-2"}
{"completed": 19, "total": 270, "candidate": "hybrid", "query": "depth-2"}
{"completed": 20, "total": 270, "candidate": "rust", "query": "depth-2"}
{"completed": 21, "total": 270, "candidate": "zig", "query": "depth-2"}
{"completed": 22, "total": 270, "candidate": "rust", "query": "depth-2"}
{"completed": 23, "total": 270, "candidate": "zig", "query": "depth-2"}
{"completed": 24, "total": 270, "candidate": "hybrid", "query": "depth-2"}
{"completed": 25, "total": 270, "candidate": "zig", "query": "depth-2"}
{"completed": 26, "total": 270, "candidate": "hybrid", "query": "depth-2"}
{"completed": 27, "total": 270, "candidate": "rust", "query": "depth-2"}
{"completed": 28, "total": 270, "candidate": "hybrid", "query": "depth-2"}
{"completed": 29, "total": 270, "candidate": "rust", "query": "depth-2"}
{"completed": 30, "total": 270, "candidate": "zig", "query": "depth-2"}
{"completed": 31, "total": 270, "candidate": "zig", "query": "lookup-missing"}
{"completed": 32, "total": 270, "candidate": "rust", "query": "lookup-missing"}
{"completed": 33, "total": 270, "candidate": "hybrid", "query": "lookup-missing"}
{"completed": 34, "total": 270, "candidate": "rust", "query": "lookup-missing"}
{"completed": 35, "total": 270, "candidate": "hybrid", "query": "lookup-missing"}
{"completed": 36, "total": 270, "candidate": "zig", "query": "lookup-missing"}
{"completed": 37, "total": 270, "candidate": "hybrid", "query": "lookup-missing"}
{"completed": 38, "total": 270, "candidate": "zig", "query": "lookup-missing"}
{"completed": 39, "total": 270, "candidate": "rust", "query": "lookup-missing"}
{"completed": 40, "total": 270, "candidate": "zig", "query": "lookup-missing"}
{"completed": 41, "total": 270, "candidate": "rust", "query": "lookup-missing"}
{"completed": 42, "total": 270, "candidate": "hybrid", "query": "lookup-missing"}
{"completed": 43, "total": 270, "candidate": "rust", "query": "lookup-missing"}
{"completed": 44, "total": 270, "candidate": "hybrid", "query": "lookup-missing"}
{"completed": 45, "total": 270, "candidate": "zig", "query": "lookup-missing"}
{"completed": 46, "total": 270, "candidate": "hybrid", "query": "lookup-missing"}
{"completed": 47, "total": 270, "candidate": "zig", "query": "lookup-missing"}
{"completed": 48, "total": 270, "candidate": "rust", "query": "lookup-missing"}
{"completed": 49, "total": 270, "candidate": "zig", "query": "lookup-missing"}
{"completed": 50, "total": 270, "candidate": "rust", "query": "lookup-missing"}
{"completed": 51, "total": 270, "candidate": "hybrid", "query": "lookup-missing"}
{"completed": 52, "total": 270, "candidate": "rust", "query": "lookup-missing"}
{"completed": 53, "total": 270, "candidate": "hybrid", "query": "lookup-missing"}
{"completed": 54, "total": 270, "candidate": "zig", "query": "lookup-missing"}
{"completed": 55, "total": 270, "candidate": "hybrid", "query": "lookup-missing"}
{"completed": 56, "total": 270, "candidate": "zig", "query": "lookup-missing"}
{"completed": 57, "total": 270, "candidate": "rust", "query": "lookup-missing"}
{"completed": 58, "total": 270, "candidate": "zig", "query": "lookup-missing"}
{"completed": 59, "total": 270, "candidate": "rust", "query": "lookup-missing"}
{"completed": 60, "total": 270, "candidate": "hybrid", "query": "lookup-missing"}
{"completed": 61, "total": 270, "candidate": "rust", "query": "outgoing"}
{"completed": 62, "total": 270, "candidate": "hybrid", "query": "outgoing"}
{"completed": 63, "total": 270, "candidate": "zig", "query": "outgoing"}
{"completed": 64, "total": 270, "candidate": "hybrid", "query": "outgoing"}
{"completed": 65, "total": 270, "candidate": "zig", "query": "outgoing"}
{"completed": 66, "total": 270, "candidate": "rust", "query": "outgoing"}
{"completed": 67, "total": 270, "candidate": "zig", "query": "outgoing"}
{"completed": 68, "total": 270, "candidate": "rust", "query": "outgoing"}
{"completed": 69, "total": 270, "candidate": "hybrid", "query": "outgoing"}
{"completed": 70, "total": 270, "candidate": "rust", "query": "outgoing"}
{"completed": 71, "total": 270, "candidate": "hybrid", "query": "outgoing"}
{"completed": 72, "total": 270, "candidate": "zig", "query": "outgoing"}
{"completed": 73, "total": 270, "candidate": "hybrid", "query": "outgoing"}
{"completed": 74, "total": 270, "candidate": "zig", "query": "outgoing"}
{"completed": 75, "total": 270, "candidate": "rust", "query": "outgoing"}
{"completed": 76, "total": 270, "candidate": "zig", "query": "outgoing"}
{"completed": 77, "total": 270, "candidate": "rust", "query": "outgoing"}
{"completed": 78, "total": 270, "candidate": "hybrid", "query": "outgoing"}
{"completed": 79, "total": 270, "candidate": "rust", "query": "outgoing"}
{"completed": 80, "total": 270, "candidate": "hybrid", "query": "outgoing"}
{"completed": 81, "total": 270, "candidate": "zig", "query": "outgoing"}
{"completed": 82, "total": 270, "candidate": "hybrid", "query": "outgoing"}
{"completed": 83, "total": 270, "candidate": "zig", "query": "outgoing"}
{"completed": 84, "total": 270, "candidate": "rust", "query": "outgoing"}
{"completed": 85, "total": 270, "candidate": "zig", "query": "outgoing"}
{"completed": 86, "total": 270, "candidate": "rust", "query": "outgoing"}
{"completed": 87, "total": 270, "candidate": "hybrid", "query": "outgoing"}
{"completed": 88, "total": 270, "candidate": "rust", "query": "outgoing"}
{"completed": 89, "total": 270, "candidate": "hybrid", "query": "outgoing"}
{"completed": 90, "total": 270, "candidate": "zig", "query": "outgoing"}
{"completed": 91, "total": 270, "candidate": "rust", "query": "scan-type"}
{"completed": 92, "total": 270, "candidate": "hybrid", "query": "scan-type"}
{"completed": 93, "total": 270, "candidate": "zig", "query": "scan-type"}
{"completed": 94, "total": 270, "candidate": "hybrid", "query": "scan-type"}
{"completed": 95, "total": 270, "candidate": "zig", "query": "scan-type"}
{"completed": 96, "total": 270, "candidate": "rust", "query": "scan-type"}
{"completed": 97, "total": 270, "candidate": "zig", "query": "scan-type"}
{"completed": 98, "total": 270, "candidate": "rust", "query": "scan-type"}
{"completed": 99, "total": 270, "candidate": "hybrid", "query": "scan-type"}
{"completed": 100, "total": 270, "candidate": "rust", "query": "scan-type"}
{"completed": 101, "total": 270, "candidate": "hybrid", "query": "scan-type"}
{"completed": 102, "total": 270, "candidate": "zig", "query": "scan-type"}
{"completed": 103, "total": 270, "candidate": "hybrid", "query": "scan-type"}
{"completed": 104, "total": 270, "candidate": "zig", "query": "scan-type"}
{"completed": 105, "total": 270, "candidate": "rust", "query": "scan-type"}
{"completed": 106, "total": 270, "candidate": "zig", "query": "scan-type"}
{"completed": 107, "total": 270, "candidate": "rust", "query": "scan-type"}
{"completed": 108, "total": 270, "candidate": "hybrid", "query": "scan-type"}
{"completed": 109, "total": 270, "candidate": "rust", "query": "scan-type"}
{"completed": 110, "total": 270, "candidate": "hybrid", "query": "scan-type"}
{"completed": 111, "total": 270, "candidate": "zig", "query": "scan-type"}
{"completed": 112, "total": 270, "candidate": "hybrid", "query": "scan-type"}
{"completed": 113, "total": 270, "candidate": "zig", "query": "scan-type"}
{"completed": 114, "total": 270, "candidate": "rust", "query": "scan-type"}
{"completed": 115, "total": 270, "candidate": "zig", "query": "scan-type"}
{"completed": 116, "total": 270, "candidate": "rust", "query": "scan-type"}
{"completed": 117, "total": 270, "candidate": "hybrid", "query": "scan-type"}
{"completed": 118, "total": 270, "candidate": "rust", "query": "scan-type"}
{"completed": 119, "total": 270, "candidate": "hybrid", "query": "scan-type"}
{"completed": 120, "total": 270, "candidate": "zig", "query": "scan-type"}
{"completed": 121, "total": 270, "candidate": "rust", "query": "incoming"}
{"completed": 122, "total": 270, "candidate": "zig", "query": "incoming"}
{"completed": 123, "total": 270, "candidate": "hybrid", "query": "incoming"}
{"completed": 124, "total": 270, "candidate": "zig", "query": "incoming"}
{"completed": 125, "total": 270, "candidate": "hybrid", "query": "incoming"}
{"completed": 126, "total": 270, "candidate": "rust", "query": "incoming"}
{"completed": 127, "total": 270, "candidate": "hybrid", "query": "incoming"}
{"completed": 128, "total": 270, "candidate": "rust", "query": "incoming"}
{"completed": 129, "total": 270, "candidate": "zig", "query": "incoming"}
{"completed": 130, "total": 270, "candidate": "rust", "query": "incoming"}
{"completed": 131, "total": 270, "candidate": "zig", "query": "incoming"}
{"completed": 132, "total": 270, "candidate": "hybrid", "query": "incoming"}
{"completed": 133, "total": 270, "candidate": "zig", "query": "incoming"}
{"completed": 134, "total": 270, "candidate": "hybrid", "query": "incoming"}
{"completed": 135, "total": 270, "candidate": "rust", "query": "incoming"}
{"completed": 136, "total": 270, "candidate": "hybrid", "query": "incoming"}
{"completed": 137, "total": 270, "candidate": "rust", "query": "incoming"}
{"completed": 138, "total": 270, "candidate": "zig", "query": "incoming"}
{"completed": 139, "total": 270, "candidate": "rust", "query": "incoming"}
{"completed": 140, "total": 270, "candidate": "zig", "query": "incoming"}
{"completed": 141, "total": 270, "candidate": "hybrid", "query": "incoming"}
{"completed": 142, "total": 270, "candidate": "zig", "query": "incoming"}
{"completed": 143, "total": 270, "candidate": "hybrid", "query": "incoming"}
{"completed": 144, "total": 270, "candidate": "rust", "query": "incoming"}
{"completed": 145, "total": 270, "candidate": "hybrid", "query": "incoming"}
{"completed": 146, "total": 270, "candidate": "rust", "query": "incoming"}
{"completed": 147, "total": 270, "candidate": "zig", "query": "incoming"}
{"completed": 148, "total": 270, "candidate": "rust", "query": "incoming"}
{"completed": 149, "total": 270, "candidate": "zig", "query": "incoming"}
{"completed": 150, "total": 270, "candidate": "hybrid", "query": "incoming"}
{"completed": 151, "total": 270, "candidate": "zig", "query": "depth-4"}
{"completed": 152, "total": 270, "candidate": "rust", "query": "depth-4"}
{"completed": 153, "total": 270, "candidate": "hybrid", "query": "depth-4"}
{"completed": 154, "total": 270, "candidate": "rust", "query": "depth-4"}
{"completed": 155, "total": 270, "candidate": "hybrid", "query": "depth-4"}
{"completed": 156, "total": 270, "candidate": "zig", "query": "depth-4"}
{"completed": 157, "total": 270, "candidate": "hybrid", "query": "depth-4"}
{"completed": 158, "total": 270, "candidate": "zig", "query": "depth-4"}
{"completed": 159, "total": 270, "candidate": "rust", "query": "depth-4"}
{"completed": 160, "total": 270, "candidate": "zig", "query": "depth-4"}
{"completed": 161, "total": 270, "candidate": "rust", "query": "depth-4"}
{"completed": 162, "total": 270, "candidate": "hybrid", "query": "depth-4"}
{"completed": 163, "total": 270, "candidate": "rust", "query": "depth-4"}
{"completed": 164, "total": 270, "candidate": "hybrid", "query": "depth-4"}
{"completed": 165, "total": 270, "candidate": "zig", "query": "depth-4"}
{"completed": 166, "total": 270, "candidate": "hybrid", "query": "depth-4"}
{"completed": 167, "total": 270, "candidate": "zig", "query": "depth-4"}
{"completed": 168, "total": 270, "candidate": "rust", "query": "depth-4"}
{"completed": 169, "total": 270, "candidate": "zig", "query": "depth-4"}
{"completed": 170, "total": 270, "candidate": "rust", "query": "depth-4"}
{"completed": 171, "total": 270, "candidate": "hybrid", "query": "depth-4"}
{"completed": 172, "total": 270, "candidate": "rust", "query": "depth-4"}
{"completed": 173, "total": 270, "candidate": "hybrid", "query": "depth-4"}
{"completed": 174, "total": 270, "candidate": "zig", "query": "depth-4"}
{"completed": 175, "total": 270, "candidate": "hybrid", "query": "depth-4"}
{"completed": 176, "total": 270, "candidate": "zig", "query": "depth-4"}
{"completed": 177, "total": 270, "candidate": "rust", "query": "depth-4"}
{"completed": 178, "total": 270, "candidate": "zig", "query": "depth-4"}
{"completed": 179, "total": 270, "candidate": "rust", "query": "depth-4"}
{"completed": 180, "total": 270, "candidate": "hybrid", "query": "depth-4"}
{"completed": 181, "total": 270, "candidate": "zig", "query": "mixed-relations"}
{"completed": 182, "total": 270, "candidate": "rust", "query": "mixed-relations"}
{"completed": 183, "total": 270, "candidate": "hybrid", "query": "mixed-relations"}
{"completed": 184, "total": 270, "candidate": "rust", "query": "mixed-relations"}
{"completed": 185, "total": 270, "candidate": "hybrid", "query": "mixed-relations"}
{"completed": 186, "total": 270, "candidate": "zig", "query": "mixed-relations"}
{"completed": 187, "total": 270, "candidate": "hybrid", "query": "mixed-relations"}
{"completed": 188, "total": 270, "candidate": "zig", "query": "mixed-relations"}
{"completed": 189, "total": 270, "candidate": "rust", "query": "mixed-relations"}
{"completed": 190, "total": 270, "candidate": "zig", "query": "mixed-relations"}
{"completed": 191, "total": 270, "candidate": "rust", "query": "mixed-relations"}
{"completed": 192, "total": 270, "candidate": "hybrid", "query": "mixed-relations"}
{"completed": 193, "total": 270, "candidate": "rust", "query": "mixed-relations"}
{"completed": 194, "total": 270, "candidate": "hybrid", "query": "mixed-relations"}
{"completed": 195, "total": 270, "candidate": "zig", "query": "mixed-relations"}
{"completed": 196, "total": 270, "candidate": "hybrid", "query": "mixed-relations"}
{"completed": 197, "total": 270, "candidate": "zig", "query": "mixed-relations"}
{"completed": 198, "total": 270, "candidate": "rust", "query": "mixed-relations"}
{"completed": 199, "total": 270, "candidate": "zig", "query": "mixed-relations"}
{"completed": 200, "total": 270, "candidate": "rust", "query": "mixed-relations"}
{"completed": 201, "total": 270, "candidate": "hybrid", "query": "mixed-relations"}
{"completed": 202, "total": 270, "candidate": "rust", "query": "mixed-relations"}
{"completed": 203, "total": 270, "candidate": "hybrid", "query": "mixed-relations"}
{"completed": 204, "total": 270, "candidate": "zig", "query": "mixed-relations"}
{"completed": 205, "total": 270, "candidate": "hybrid", "query": "mixed-relations"}
{"completed": 206, "total": 270, "candidate": "zig", "query": "mixed-relations"}
{"completed": 207, "total": 270, "candidate": "rust", "query": "mixed-relations"}
{"completed": 208, "total": 270, "candidate": "zig", "query": "mixed-relations"}
{"completed": 209, "total": 270, "candidate": "rust", "query": "mixed-relations"}
{"completed": 210, "total": 270, "candidate": "hybrid", "query": "mixed-relations"}
{"completed": 211, "total": 270, "candidate": "hybrid", "query": "depth-8"}
{"completed": 212, "total": 270, "candidate": "zig", "query": "depth-8"}
{"completed": 213, "total": 270, "candidate": "rust", "query": "depth-8"}
{"completed": 214, "total": 270, "candidate": "zig", "query": "depth-8"}
{"completed": 215, "total": 270, "candidate": "rust", "query": "depth-8"}
{"completed": 216, "total": 270, "candidate": "hybrid", "query": "depth-8"}
{"completed": 217, "total": 270, "candidate": "rust", "query": "depth-8"}
{"completed": 218, "total": 270, "candidate": "hybrid", "query": "depth-8"}
{"completed": 219, "total": 270, "candidate": "zig", "query": "depth-8"}
{"completed": 220, "total": 270, "candidate": "hybrid", "query": "depth-8"}
{"completed": 221, "total": 270, "candidate": "zig", "query": "depth-8"}
{"completed": 222, "total": 270, "candidate": "rust", "query": "depth-8"}
{"completed": 223, "total": 270, "candidate": "zig", "query": "depth-8"}
{"completed": 224, "total": 270, "candidate": "rust", "query": "depth-8"}
{"completed": 225, "total": 270, "candidate": "hybrid", "query": "depth-8"}
{"completed": 226, "total": 270, "candidate": "rust", "query": "depth-8"}
{"completed": 227, "total": 270, "candidate": "hybrid", "query": "depth-8"}
{"completed": 228, "total": 270, "candidate": "zig", "query": "depth-8"}
{"completed": 229, "total": 270, "candidate": "hybrid", "query": "depth-8"}
{"completed": 230, "total": 270, "candidate": "zig", "query": "depth-8"}
{"completed": 231, "total": 270, "candidate": "rust", "query": "depth-8"}
{"completed": 232, "total": 270, "candidate": "zig", "query": "depth-8"}
{"completed": 233, "total": 270, "candidate": "rust", "query": "depth-8"}
{"completed": 234, "total": 270, "candidate": "hybrid", "query": "depth-8"}
{"completed": 235, "total": 270, "candidate": "rust", "query": "depth-8"}
{"completed": 236, "total": 270, "candidate": "hybrid", "query": "depth-8"}
{"completed": 237, "total": 270, "candidate": "zig", "query": "depth-8"}
{"completed": 238, "total": 270, "candidate": "hybrid", "query": "depth-8"}
{"completed": 239, "total": 270, "candidate": "zig", "query": "depth-8"}
{"completed": 240, "total": 270, "candidate": "rust", "query": "depth-8"}
{"completed": 241, "total": 270, "candidate": "hybrid", "query": "lookup-first"}
{"completed": 242, "total": 270, "candidate": "rust", "query": "lookup-first"}
{"completed": 243, "total": 270, "candidate": "zig", "query": "lookup-first"}
{"completed": 244, "total": 270, "candidate": "rust", "query": "lookup-first"}
{"completed": 245, "total": 270, "candidate": "zig", "query": "lookup-first"}
{"completed": 246, "total": 270, "candidate": "hybrid", "query": "lookup-first"}
{"completed": 247, "total": 270, "candidate": "zig", "query": "lookup-first"}
{"completed": 248, "total": 270, "candidate": "hybrid", "query": "lookup-first"}
{"completed": 249, "total": 270, "candidate": "rust", "query": "lookup-first"}
{"completed": 250, "total": 270, "candidate": "hybrid", "query": "lookup-first"}
{"completed": 251, "total": 270, "candidate": "rust", "query": "lookup-first"}
{"completed": 252, "total": 270, "candidate": "zig", "query": "lookup-first"}
{"completed": 253, "total": 270, "candidate": "rust", "query": "lookup-first"}
{"completed": 254, "total": 270, "candidate": "zig", "query": "lookup-first"}
{"completed": 255, "total": 270, "candidate": "hybrid", "query": "lookup-first"}
{"completed": 256, "total": 270, "candidate": "zig", "query": "lookup-first"}
{"completed": 257, "total": 270, "candidate": "hybrid", "query": "lookup-first"}
{"completed": 258, "total": 270, "candidate": "rust", "query": "lookup-first"}
{"completed": 259, "total": 270, "candidate": "hybrid", "query": "lookup-first"}
{"completed": 260, "total": 270, "candidate": "rust", "query": "lookup-first"}
{"completed": 261, "total": 270, "candidate": "zig", "query": "lookup-first"}
{"completed": 262, "total": 270, "candidate": "rust", "query": "lookup-first"}
{"completed": 263, "total": 270, "candidate": "zig", "query": "lookup-first"}
{"completed": 264, "total": 270, "candidate": "hybrid", "query": "lookup-first"}
{"completed": 265, "total": 270, "candidate": "zig", "query": "lookup-first"}
{"completed": 266, "total": 270, "candidate": "hybrid", "query": "lookup-first"}
{"completed": 267, "total": 270, "candidate": "rust", "query": "lookup-first"}
{"completed": 268, "total": 270, "candidate": "hybrid", "query": "lookup-first"}
{"completed": 269, "total": 270, "candidate": "rust", "query": "lookup-first"}
{"completed": 270, "total": 270, "candidate": "zig", "query": "lookup-first"}
{"state": "PASS", "classification": "controlled", "records": 270, "output": "/home/runner/work/csl-runtime-eval/csl-runtime-eval/results/scenarios/W2.X4-default-S-36556641803"}
